Wm
x

€
fe}

a Terminal Q
ckerscardgame-notes6b/CcurrentAttack.svg' @)o
“C
marc@debian:~$ d hackerscardgame-notes6/tagebuch/ () °
bash: d: command not found 1
4 %)marc@debian:~$ cd hackerscardgame-notes6/tagebuch/ @)°
jim marc@debian:~/hackerscardgame-notes6/tagebuch$ vim cyberWAR20210618. txt @o
marc@debian:~/hackerscardgame-notes6/tagebuch$ vim cyberwAR20210618. txt ~)
liGuideYouw (failed reverse-i-search) sha‘: git remote “Cow origin ia)
marc@debian:~/hackerscardgame-notes6/tagebuch$ *C =
marc@debian:~/hackerscardgame-notes6/tagebuch$ git add -A && git commit -m"....
." && git push
[main cbed4c3] .......
1 file changed, 8 insertions(+) 4

‘fatal: unable to access ‘https: //gitlab. com/HackersCardgame/hackerscardgame-note
4) s6/': Could not resolve host: gitlab.com
YIM) narc@debian:~/hackerscardgame-notes6/tagebuch$ git push
fatal: unable to access ‘https: //gitlab. com/HackersCardgame/hackerscardgame-note
s6/': Could not resolve host: gitlab.com >
AY "2" c@sebian:~/hackerscardgane-notes6/tagebuch$ ping gitlab. com
~ “Cc

marc@debian:~/hackerscardgame-notes6/tagebuch$ git push le (Short Edit)
fatal: unable to access ‘https: //gitlab.com/HackersCardgame/hackerscardgame-note ayes Me Away
s6/': The requested URL returned error: 403 |
marc@debian:~/hackerscardgame-notes6/tagebuch$ ff be
4 (2) Techno Bert Neue Dimensionen 1990
(4) buenzli16 dj klangstoss xvid f
08:55:18 6) Couchsofa - Oh The Humanit

Titel 07

Pau

2) Korsett Breakshake Remix-...

