Activities

<

Terminal ¥

Activities) Termi

inal ¥

Terminal

7 files changed, 25 insertions(+)

create
create
create
create
create
create

mode 100644
mode 100644
mode 100644
mode 100644
mode 100644
mode 100644

TODO/changed-nudel3.png
TODO/hoaxilla-special-46-nudel3.png
TODO/hoaxilla-special-46-nudel3. reverse. png
TODO/mip1.png

TODO/mip3. png

TODO/mp12. png

Imarc@debian:~/old/hackerscardgame-notes5$ git pull*c
ian:~/old/hackerscardgame-notes5$ ping 8.8.8

Imarc@deb:
PING 8.8
bytes
bytes
bytes
bytes
bytes
bytes
bytes
bytes
bytes
bytes
bytes
bytes
bytes

-8.8 (8.8.8.

from 8.
from 8.
from 8.
from 8.
from 8.
from 8.
from 8.
from 8.
from 8.
from 8.
from 8.
from 8.
from 8.

Imarc@debian:~/Documents:

Imarc@debian: ~/Documents$

c

Imarc@debian:~/Documents$

done
nc

marc@debian:~/Documents$

Imarc@debian:~/Documents$

done

c
Imarc@debian: ~
ldone

nc
marc@debian : ~/
imarc@debian : ~/
In

c
imarc@debian : ~

Documents$

Documents$

Documents$

Documents$

8) 56(84) bytes of data.

1 1900);

10000)

Jun2 20:20 ©
Debian 10

Wed Jun2 20:20

sesteLleDerPolizei

Hardwe \ I\ AM\ HARDWELL'
#UnitedWeAre-r 1

1 mare marc

\ 1\ aM

04x) 20U.. mp

1 marc marc 113M Feb 12 09:0

WARNIG CYBERWAR
PROFILE, not my decision, defence
*, Wirsing DIS Autist,
LMTIONJ®, High Value Target,

professional "tin foil hat"

+ for you

marc@debian: ~/hackerscardgame-notes5

ch Terminal Help

rWAR20210602.txt |
26 insertions(+

marc@debian:~/hackerscardgame-notes5$ git add -A && git commit -m

ish
master 373d1a5

iles changed, 4 insertions(+
create mode 100644 TODO/post-locked. png
Username for ‘https://gitlab.com': *[ [AC
marc@debian:~/hackerscardgame-notes5$ git git commit -m

master 3d0e41
1 file changed nsertions(+), @ delet
create mode 100644 TODO/hmmmm

‘atal: unable to acce https:/,

gitlab HackersCardgame/hack
s5/': F to ect to gitlab.com Connection timed
marc@debian:~/hackerscardgame-notes5$ git add -A && git commit

ish

master ae35d5

1 file changed, @ insertions(+), @ delet

create mode 160644 TODO/hmmmmmmmmmmmnmnnm . png
fatal: unable to access gitlab.com/Hackersc
5/": Failed to coni ab.com port 443: C
marc@debian:~/hackerscardgame-notess$ ff

Te ne

out

ame/hackerscardgame

D>

D>

°
